{"planSummary":{"completionDate":"08/01/2024","planDate":"04/09/2023","effectiveDate":"04/09/2023","lastPaymentDate":"03/01/2024","paymentsFrom":"","paymentMode":"payment-Link","totalCost":"3300.00","installmentPeriod":"Weekly","InstallmentDay":"Wednesday","totalNoOfInstallments":"18","numberOfInstalment":"17","installmentAmount":"183.33","priceWidget":"","percentageInstallmentPaid":"6","paymentMethod":"","planStatus":"pending","planID":"","remainingAmount":"0","totalFunds":"0","noOfInstallmentsPaid":"0","Remainder":"0.06","noOfInstallmentsToBePaid":"0","redemptionDate":"15/01/2024","checkoutCurrency":"AUD","currencySymbol":"$","message":"","paymentPlatform_vendor":"Stripe","paymentPlatform_variant":"Managed","checkoutType":"assisted-checkout","skippedAmount":"","skippedInstalments":"","selectedInstallmentPeriod":"Weekly","selectedInstalmentType":"Monthly","Weekly":{"totalNoOfInstallments":"18","numberOfInstalment":"17","instalmentDate":7,"option":"selected","status":"Available","instalmentAmount":"183.33"},"Fortnightly":{"totalNoOfInstallments":"10","numberOfInstalment":"9","instalmentDate":14,"option":"deselected","status":"Available","instalmentAmount":"330.00"},"Monthly":{"totalNoOfInstallments":"5","numberOfInstalment":"4","instalmentDate":4,"option":"deselected","status":"Available","instalmentAmount":"660.00"}},"depositSettings":{"depositRuleApplied":"evenInstalmentAmount","depositSetting":"default","requiredMinimumDeposit":"10.00","MaxDepositAmount":"1000.00","depositPaid":"183.39","depositExcludingRemainder":"183.33","evenInstalmentAmount":"183.33","MaxDepositAmount_rounddown":"1000.00","requiredMinimumDeposit_roundup":"10.00"},"fees":{"totalMerchantTransactionFee":"","planPayFeesSoFar":"","merchantRevenue":"","TotalServiceFeesExcGST":"","ServiceFeesExcGSTonPaid":"","MerchantRevenueExcludingFees":""},"merchantDetails":{"merchantName":"Ovolo Hotels","merchantId":"62bd1b7e5e8b","sub_merchantName":"","sub_merchantId":"","checkoutCategory":"merchant"},"cancellationDetails":{"planCancellationDate":"","refundType":"","refundAmount":"","ActualRefundAmountUI":"","FinalNonRefundAmount":"","CustomerRefundValue":"","nonRefundableDeposit":"","totalNonRefundableDeposit":"","reason":""},"planDetails":{"productsQuantity":["1"],"productsAmount":["3300.00"],"producItem":"YUxGF","items":[{"description":"YUxGF","redemptionDate":"15/January/2024"}],"poilcyType":"Standard","paymentLink":{"link":"","expiryDate":""}},"flags":{"cancelPlanFlag":"false","blockedCheckout":"false","eventProcessorError":"false","PaymentEligible":"false","blockedPayInstalment":"false","updateCadenceblocked":"false","selectionBlocked":"false","userExists":"false","latePayment":"false"},"MerchantEnv":{"selectedMerchant":{},"productList":"","itemPrelocator":"","itemPostlocator":""},"customer":{"Email":"planpaytestingautomation2942@mailinator.com","firstName":"planpaytesting_firstNamehtVX","lastName":"planpaytesting_lastNamedIGd","phoneNumber":"+61345678999","userVerified":"false","userStatus":"Active","accountCreated":"04/09/2023","userId":""},"customerLog":{"Email":"","firstName":"","lastName":"","phoneNumber":""},"UpcomingPayments":[{"amount":"183.33","date":"13/09/2023","instalment":"2/18","status":"On Schedule","paymentType":"DUETIME","remainder":"0.00"},{"amount":"183.33","date":"20/09/2023","instalment":"3/18","status":"On Schedule","paymentType":"DUETIME","remainder":"0.00"},{"amount":"183.33","date":"27/09/2023","instalment":"4/18","status":"On Schedule","paymentType":"DUETIME","remainder":"0.00"},{"amount":"183.33","date":"04/10/2023","instalment":"5/18","status":"On Schedule","paymentType":"DUETIME","remainder":"0.00"},{"amount":"183.33","date":"11/10/2023","instalment":"6/18","status":"On Schedule","paymentType":"DUETIME","remainder":"0.00"},{"amount":"183.33","date":"18/10/2023","instalment":"7/18","status":"On Schedule","paymentType":"DUETIME","remainder":"0.00"},{"amount":"183.33","date":"25/10/2023","instalment":"8/18","status":"On Schedule","paymentType":"DUETIME","remainder":"0.00"},{"amount":"183.33","date":"01/11/2023","instalment":"9/18","status":"On Schedule","paymentType":"DUETIME","remainder":"0.00"},{"amount":"183.33","date":"08/11/2023","instalment":"10/18","status":"On Schedule","paymentType":"DUETIME","remainder":"0.00"},{"amount":"183.33","date":"15/11/2023","instalment":"11/18","status":"On Schedule","paymentType":"DUETIME","remainder":"0.00"},{"amount":"183.33","date":"22/11/2023","instalment":"12/18","status":"On Schedule","paymentType":"DUETIME","remainder":"0.00"},{"amount":"183.33","date":"29/11/2023","instalment":"13/18","status":"On Schedule","paymentType":"DUETIME","remainder":"0.00"},{"amount":"183.33","date":"06/12/2023","instalment":"14/18","status":"On Schedule","paymentType":"DUETIME","remainder":"0.00"},{"amount":"183.33","date":"13/12/2023","instalment":"15/18","status":"On Schedule","paymentType":"DUETIME","remainder":"0.00"},{"amount":"183.33","date":"20/12/2023","instalment":"16/18","status":"On Schedule","paymentType":"DUETIME","remainder":"0.00"},{"amount":"183.33","date":"27/12/2023","instalment":"17/18","status":"On Schedule","paymentType":"DUETIME","remainder":"0.00"},{"amount":"183.33","date":"03/01/2024","instalment":"18/18","status":"On Schedule","paymentType":"DUETIME","remainder":"0.00"}],"paidPayments":[{"amount":"183.39","date":"04/09/2023","actualPaidDate":"04/09/2023","instalment":"1/18","paymentMethodUsed":"","status":"Paid","paymentType":"DUETIME","remainder":"0.06","type":{"Charge":{"amountcapturedAvailable":"183.39","amountRefunded":"0.00"}}}],"latePayments":[],"skippedInstallment":[],"LocalEnv":{"applicationName":"assisted-checkout","merchantName":"Ovolo Hotels","operationType":"","installmentType":"Weekly","environment":"PR"}}