[
  {
    "id": "71276",
    "type": "CustomerPaymentDue",
    "payload": {
      "date": "2023-09-07T03:30:09.583Z",
      "amount": 650,
      "trigger": "manual",
      "paymentRef": "34i6jlc7kuei#1",
      "paymentType": "DUETIME",
      "instalmentNo": 1,
      "paymentMetaData": {
        "paymentMethodId": "m35j0c3bf393",
        "paymentPlatformVendor": "Stripe",
        "userPaymentIdentityId": "cmw460746e7z"
      },
      "includedRemainder": 0
    },
    "planId": "34i6jlc7kuei",
    "createdAt": "2023-09-07T03:30:10.000Z",
    "uniqueKey": "73e4e96a-3bd6-4dfe-8e57-3dc094bdac48",
    "vendorPaymentId": null,
    "transactions": []
  },
  {
    "id": "71277",
    "type": "CustomerPaymentRequested",
    "payload": {
      "amount": 650,
      "trigger": "manual",
      "paymentType": "DUETIME",
      "instalmentNo": 1,
      "paymentMetaData": {
        "paymentId": "pi_3NnYuyCnl3eIvjsb0JVQisWu",
        "paymentMethodId": "m35j0c3bf393",
        "paymentPlatformVendor": "Stripe",
        "userPaymentIdentityId": "cmw460746e7z"
      },
      "includedRemainder": 0
    },
    "planId": "34i6jlc7kuei",
    "createdAt": "2023-09-07T03:30:10.000Z",
    "uniqueKey": "e41fa99f-786a-4ffc-9ba3-b04e962d7d8f",
    "vendorPaymentId": "pi_3NnYuyCnl3eIvjsb0JVQisWu",
    "transactions": []
  },
  {
    "id": "71278",
    "type": "CustomerPaymentSucceeded",
    "payload": {
      "amount": 650,
      "trigger": "manual",
      "paymentType": "DUETIME",
      "instalmentNo": 1,
      "paymentIntentId": "pi_3NnYuyCnl3eIvjsb0JVQisWu",
      "paymentMetaData": {
        "paymentId": "pi_3NnYuyCnl3eIvjsb0JVQisWu",
        "paymentMethodId": "m35j0c3bf393",
        "paymentPlatformVendor": "Stripe",
        "userPaymentIdentityId": "cmw460746e7z"
      },
      "includedRemainder": 0,
      "paymentGatewayFee": 19.15,
      "userPaymentMethodId": "m35j0c3bf393",
      "paymentPlatformVendor": "Stripe"
    },
    "planId": "34i6jlc7kuei",
    "createdAt": "2023-09-07T03:30:10.000Z",
    "uniqueKey": "pi_3NnYuyCnl3eIvjsb0JVQisWu",
    "vendorPaymentId": "pi_3NnYuyCnl3eIvjsb0JVQisWu",
    "transactions": [
      {
        "id": "123238",
        "label": "Payment",
        "eventId": "71278",
        "debitAmount": "650",
        "creditAmount": "0",
        "accountCode": "Cash Clearing - Customer Deposits (Managed)",
        "accountId": "",
        "currencyCode": "AUD",
        "amountInUsd": "0",
        "planId": "34i6jlc7kuei",
        "creditCardTransactionId": null,
        "createdAt": "2023-09-07T03:30:21.000Z",
        "updatedAt": "2023-09-07T03:30:20.787Z",
        "taxRate": "BAS Excluded",
        "userPaymentMethodId": "cmw460746e7z"
      },
      {
        "id": "123239",
        "label": "Payment",
        "eventId": "71278",
        "debitAmount": "0",
        "creditAmount": "650",
        "accountCode": "PlanPay Customer Receivable (Managed)",
        "accountId": "",
        "currencyCode": "AUD",
        "amountInUsd": "0",
        "planId": "34i6jlc7kuei",
        "creditCardTransactionId": null,
        "createdAt": "2023-09-07T03:30:21.000Z",
        "updatedAt": "2023-09-07T03:30:20.787Z",
        "taxRate": "BAS Excluded",
        "userPaymentMethodId": "cmw460746e7z"
      },
      {
        "id": "123240",
        "label": "Transaction Fee Actual",
        "eventId": "71278",
        "debitAmount": "17.41",
        "creditAmount": "0",
        "accountCode": "PlanPay Cost of Sales - Merchant Fees (Managed)",
        "accountId": "",
        "currencyCode": "AUD",
        "amountInUsd": "0",
        "planId": "34i6jlc7kuei",
        "creditCardTransactionId": null,
        "createdAt": "2023-09-07T03:30:21.000Z",
        "updatedAt": "2023-09-07T03:30:20.787Z",
        "taxRate": "BAS Excluded",
        "userPaymentMethodId": "cmw460746e7z"
      },
      {
        "id": "123241",
        "label": "Transaction Fee Actual",
        "eventId": "71278",
        "debitAmount": "0",
        "creditAmount": "17.41",
        "accountCode": "Cash Clearing - Transaction Fees - Stripe",
        "accountId": "",
        "currencyCode": "AUD",
        "amountInUsd": "0",
        "planId": "34i6jlc7kuei",
        "creditCardTransactionId": null,
        "createdAt": "2023-09-07T03:30:21.000Z",
        "updatedAt": "2023-09-07T03:30:20.787Z",
        "taxRate": "BAS Excluded",
        "userPaymentMethodId": "cmw460746e7z"
      },
      {
        "id": "123242",
        "label": "Transaction Fee Merchant",
        "eventId": "71278",
        "debitAmount": "20.02",
        "creditAmount": "0",
        "accountCode": "PlanPay Merchant Liability (Managed)",
        "accountId": "",
        "currencyCode": "AUD",
        "amountInUsd": "0",
        "planId": "34i6jlc7kuei",
        "creditCardTransactionId": null,
        "createdAt": "2023-09-07T03:30:21.000Z",
        "updatedAt": "2023-09-07T03:30:20.787Z",
        "taxRate": "BAS Excluded",
        "userPaymentMethodId": "cmw460746e7z"
      },
      {
        "id": "123243",
        "label": "Transaction Fee Merchant",
        "eventId": "71278",
        "debitAmount": "0",
        "creditAmount": "20.02",
        "accountCode": "PlanPay Sales - Transaction Fees (Managed)",
        "accountId": "",
        "currencyCode": "AUD",
        "amountInUsd": "0",
        "planId": "34i6jlc7kuei",
        "creditCardTransactionId": null,
        "createdAt": "2023-09-07T03:30:21.000Z",
        "updatedAt": "2023-09-07T03:30:20.787Z",
        "taxRate": "BAS Excluded",
        "userPaymentMethodId": "cmw460746e7z"
      }
    ]
  },
  {
    "id": "71280",
    "type": "PlanCreated",
    "payload": {
      "amount": 1050,
      "serviceFee": 52.5
    },
    "planId": "34i6jlc7kuei",
    "createdAt": "2023-09-07T03:30:21.000Z",
    "uniqueKey": "3c69496f-00c1-4ee1-9f92-5bd7ab9995ff",
    "vendorPaymentId": null,
    "transactions": [
      {
        "id": "123248",
        "label": "Purchase",
        "eventId": "71280",
        "debitAmount": "1050",
        "creditAmount": "0",
        "accountCode": "PlanPay Customer Receivable (Managed)",
        "accountId": "",
        "currencyCode": "AUD",
        "amountInUsd": "0",
        "planId": "34i6jlc7kuei",
        "creditCardTransactionId": null,
        "createdAt": "2023-09-07T03:30:56.000Z",
        "updatedAt": "2023-09-07T03:30:55.526Z",
        "taxRate": "BAS Excluded",
        "userPaymentMethodId": "m35j0c3bf393"
      },
      {
        "id": "123249",
        "label": "Purchase",
        "eventId": "71280",
        "debitAmount": "0",
        "creditAmount": "1050",
        "accountCode": "PlanPay Merchant Liability (Managed)",
        "accountId": "",
        "currencyCode": "AUD",
        "amountInUsd": "0",
        "planId": "34i6jlc7kuei",
        "creditCardTransactionId": null,
        "createdAt": "2023-09-07T03:30:56.000Z",
        "updatedAt": "2023-09-07T03:30:55.526Z",
        "taxRate": "BAS Excluded",
        "userPaymentMethodId": "m35j0c3bf393"
      },
      {
        "id": "123250",
        "label": "Service Fee",
        "eventId": "71280",
        "debitAmount": "52.5",
        "creditAmount": "0",
        "accountCode": "PlanPay Deferred Billing - Service Fees (Managed)",
        "accountId": "",
        "currencyCode": "AUD",
        "amountInUsd": "0",
        "planId": "34i6jlc7kuei",
        "creditCardTransactionId": null,
        "createdAt": "2023-09-07T03:30:56.000Z",
        "updatedAt": "2023-09-07T03:30:55.526Z",
        "taxRate": "BAS Excluded",
        "userPaymentMethodId": "m35j0c3bf393"
      },
      {
        "id": "123251",
        "label": "Service Fee",
        "eventId": "71280",
        "debitAmount": "0",
        "creditAmount": "52.5",
        "accountCode": "PlanPay Deferred Revenue - Service Fees (Managed)",
        "accountId": "",
        "currencyCode": "AUD",
        "amountInUsd": "0",
        "planId": "34i6jlc7kuei",
        "creditCardTransactionId": null,
        "createdAt": "2023-09-07T03:30:56.000Z",
        "updatedAt": "2023-09-07T03:30:55.526Z",
        "taxRate": "BAS Excluded",
        "userPaymentMethodId": "m35j0c3bf393"
      }
    ]
  }
]
