[
  {
    "id": "71276",
    "type": "CustomerPaymentDue",
    "payload": {
      "date": "2023-09-07T03:30:09.583Z",
      "amount": 650,
      "trigger": "manual",
      "paymentRef": "34i6jlc7kuei#1",
      "paymentType": "DUETIME",
      "instalmentNo": 1,
      "paymentMetaData": {
        "paymentMethodId": "m35j0c3bf393",
        "paymentPlatformVendor": "Stripe",
        "userPaymentIdentityId": "cmw460746e7z"
      },
      "includedRemainder": 0
    },
    "planId": "34i6jlc7kuei",
    "createdAt": "2023-09-07T03:30:10.000Z",
    "uniqueKey": "73e4e96a-3bd6-4dfe-8e57-3dc094bdac48",
    "vendorPaymentId": null,
    "transactions": []
  },
  {
    "id": "71277",
    "type": "CustomerPaymentRequested",
    "payload": {
      "amount": 650,
      "trigger": "manual",
      "paymentType": "DUETIME",
      "instalmentNo": 1,
      "paymentMetaData": {
        "paymentId": "pi_3NnYuyCnl3eIvjsb0JVQisWu",
        "paymentMethodId": "m35j0c3bf393",
        "paymentPlatformVendor": "Stripe",
        "userPaymentIdentityId": "cmw460746e7z"
      },
      "includedRemainder": 0
    },
    "planId": "34i6jlc7kuei",
    "createdAt": "2023-09-07T03:30:10.000Z",
    "uniqueKey": "e41fa99f-786a-4ffc-9ba3-b04e962d7d8f",
    "vendorPaymentId": "pi_3NnYuyCnl3eIvjsb0JVQisWu",
    "transactions": []
  },
  {
    "id": "71278",
    "type": "CustomerPaymentSucceeded",
    "payload": {
      "amount": 650,
      "trigger": "manual",
      "paymentType": "DUETIME",
      "instalmentNo": 1,
      "paymentIntentId": "pi_3NnYuyCnl3eIvjsb0JVQisWu",
      "paymentMetaData": {
        "paymentId": "pi_3NnYuyCnl3eIvjsb0JVQisWu",
        "paymentMethodId": "m35j0c3bf393",
        "paymentPlatformVendor": "Stripe",
        "userPaymentIdentityId": "cmw460746e7z"
      },
      "includedRemainder": 0,
      "paymentGatewayFee": 19.15,
      "userPaymentMethodId": "m35j0c3bf393",
      "paymentPlatformVendor": "Stripe"
    },
    "planId": "34i6jlc7kuei",
    "createdAt": "2023-09-07T03:30:10.000Z",
    "uniqueKey": "pi_3NnYuyCnl3eIvjsb0JVQisWu",
    "vendorPaymentId": "pi_3NnYuyCnl3eIvjsb0JVQisWu",
    "transactions": [
      {
        "id": "123238",
        "label": "Payment",
        "eventId": "71278",
        "debitAmount": "650",
        "creditAmount": "0",
        "accountCode": "Cash Clearing - Customer Deposits (Managed)",
        "accountId": "",
        "currencyCode": "AUD",
        "amountInUsd": "0",
        "planId": "34i6jlc7kuei",
        "creditCardTransactionId": null,
        "createdAt": "2023-09-07T03:30:21.000Z",
        "updatedAt": "2023-09-07T03:30:20.787Z",
        "taxRate": "BAS Excluded",
        "userPaymentMethodId": "cmw460746e7z"
      },
      {
        "id": "123239",
        "label": "Payment",
        "eventId": "71278",
        "debitAmount": "0",
        "creditAmount": "650",
        "accountCode": "PlanPay Customer Receivable (Managed)",
        "accountId": "",
        "currencyCode": "AUD",
        "amountInUsd": "0",
        "planId": "34i6jlc7kuei",
        "creditCardTransactionId": null,
        "createdAt": "2023-09-07T03:30:21.000Z",
        "updatedAt": "2023-09-07T03:30:20.787Z",
        "taxRate": "BAS Excluded",
        "userPaymentMethodId": "cmw460746e7z"
      },
      {
        "id": "123240",
        "label": "Transaction Fee Actual",
        "eventId": "71278",
        "debitAmount": "17.41",
        "creditAmount": "0",
        "accountCode": "PlanPay Cost of Sales - Merchant Fees (Managed)",
        "accountId": "",
        "currencyCode": "AUD",
        "amountInUsd": "0",
        "planId": "34i6jlc7kuei",
        "creditCardTransactionId": null,
        "createdAt": "2023-09-07T03:30:21.000Z",
        "updatedAt": "2023-09-07T03:30:20.787Z",
        "taxRate": "BAS Excluded",
        "userPaymentMethodId": "cmw460746e7z"
      },
      {
        "id": "123241",
        "label": "Transaction Fee Actual",
        "eventId": "71278",
        "debitAmount": "0",
        "creditAmount": "17.41",
        "accountCode": "Cash Clearing - Transaction Fees - Stripe",
        "accountId": "",
        "currencyCode": "AUD",
        "amountInUsd": "0",
        "planId": "34i6jlc7kuei",
        "creditCardTransactionId": null,
        "createdAt": "2023-09-07T03:30:21.000Z",
        "updatedAt": "2023-09-07T03:30:20.787Z",
        "taxRate": "BAS Excluded",
        "userPaymentMethodId": "cmw460746e7z"
      },
      {
        "id": "123242",
        "label": "Transaction Fee Merchant",
        "eventId": "71278",
        "debitAmount": "20.02",
        "creditAmount": "0",
        "accountCode": "PlanPay Merchant Liability (Managed)",
        "accountId": "",
        "currencyCode": "AUD",
        "amountInUsd": "0",
        "planId": "34i6jlc7kuei",
        "creditCardTransactionId": null,
        "createdAt": "2023-09-07T03:30:21.000Z",
        "updatedAt": "2023-09-07T03:30:20.787Z",
        "taxRate": "BAS Excluded",
        "userPaymentMethodId": "cmw460746e7z"
      },
      {
        "id": "123243",
        "label": "Transaction Fee Merchant",
        "eventId": "71278",
        "debitAmount": "0",
        "creditAmount": "20.02",
        "accountCode": "PlanPay Sales - Transaction Fees (Managed)",
        "accountId": "",
        "currencyCode": "AUD",
        "amountInUsd": "0",
        "planId": "34i6jlc7kuei",
        "creditCardTransactionId": null,
        "createdAt": "2023-09-07T03:30:21.000Z",
        "updatedAt": "2023-09-07T03:30:20.787Z",
        "taxRate": "BAS Excluded",
        "userPaymentMethodId": "cmw460746e7z"
      }
    ]
  },
  {
    "id": "71280",
    "type": "PlanCreated",
    "payload": { "amount": 1050, "serviceFee": 52.5 },
    "planId": "34i6jlc7kuei",
    "createdAt": "2023-09-07T03:30:21.000Z",
    "uniqueKey": "3c69496f-00c1-4ee1-9f92-5bd7ab9995ff",
    "vendorPaymentId": null,
    "transactions": [
      {
        "id": "123248",
        "label": "Purchase",
        "eventId": "71280",
        "debitAmount": "1050",
        "creditAmount": "0",
        "accountCode": "PlanPay Customer Receivable (Managed)",
        "accountId": "",
        "currencyCode": "AUD",
        "amountInUsd": "0",
        "planId": "34i6jlc7kuei",
        "creditCardTransactionId": null,
        "createdAt": "2023-09-07T03:30:56.000Z",
        "updatedAt": "2023-09-07T03:30:55.526Z",
        "taxRate": "BAS Excluded",
        "userPaymentMethodId": "m35j0c3bf393"
      },
      {
        "id": "123249",
        "label": "Purchase",
        "eventId": "71280",
        "debitAmount": "0",
        "creditAmount": "1050",
        "accountCode": "PlanPay Merchant Liability (Managed)",
        "accountId": "",
        "currencyCode": "AUD",
        "amountInUsd": "0",
        "planId": "34i6jlc7kuei",
        "creditCardTransactionId": null,
        "createdAt": "2023-09-07T03:30:56.000Z",
        "updatedAt": "2023-09-07T03:30:55.526Z",
        "taxRate": "BAS Excluded",
        "userPaymentMethodId": "m35j0c3bf393"
      },
      {
        "id": "123250",
        "label": "Service Fee",
        "eventId": "71280",
        "debitAmount": "52.5",
        "creditAmount": "0",
        "accountCode": "PlanPay Deferred Billing - Service Fees (Managed)",
        "accountId": "",
        "currencyCode": "AUD",
        "amountInUsd": "0",
        "planId": "34i6jlc7kuei",
        "creditCardTransactionId": null,
        "createdAt": "2023-09-07T03:30:56.000Z",
        "updatedAt": "2023-09-07T03:30:55.526Z",
        "taxRate": "BAS Excluded",
        "userPaymentMethodId": "m35j0c3bf393"
      },
      {
        "id": "123251",
        "label": "Service Fee",
        "eventId": "71280",
        "debitAmount": "0",
        "creditAmount": "52.5",
        "accountCode": "PlanPay Deferred Revenue - Service Fees (Managed)",
        "accountId": "",
        "currencyCode": "AUD",
        "amountInUsd": "0",
        "planId": "34i6jlc7kuei",
        "creditCardTransactionId": null,
        "createdAt": "2023-09-07T03:30:56.000Z",
        "updatedAt": "2023-09-07T03:30:55.526Z",
        "taxRate": "BAS Excluded",
        "userPaymentMethodId": "m35j0c3bf393"
      }
    ]
  },
  {
    "id": "71958",
    "type": "CustomerPaymentDue",
    "payload": {
      "date": "2023-09-30T05:00:00.000Z",
      "amount": 200,
      "trigger": "scheduler",
      "paymentRef": "34i6jlc7kuei#2",
      "paymentType": "DUETIME",
      "instalmentNo": 2,
      "paymentMetaData": {
        "paymentMethodId": "m35j0c3bf393",
        "paymentPlatformVendor": "Stripe",
        "userPaymentIdentityId": "cmw460746e7z"
      }
    },
    "planId": "34i6jlc7kuei",
    "createdAt": "2023-09-30T10:01:01.000Z",
    "uniqueKey": "8fcbe0c1-df38-45d5-9fac-54247037eb41",
    "vendorPaymentId": null,
    "transactions": []
  },
  {
    "id": "71959",
    "type": "CustomerPaymentRequested",
    "payload": {
      "amount": 200,
      "trigger": "scheduler",
      "paymentType": "DUETIME",
      "instalmentNo": 2,
      "paymentMetaData": {
        "paymentId": "pi_3NnagQCnl3eIvjsb1qdtk1xz",
        "paymentMethodId": "m35j0c3bf393",
        "paymentPlatformVendor": "Stripe",
        "userPaymentIdentityId": "cmw460746e7z"
      }
    },
    "planId": "34i6jlc7kuei",
    "createdAt": "2023-09-30T10:01:01.000Z",
    "uniqueKey": "16ca3e7b-0f80-4f14-810c-389985fc9266",
    "vendorPaymentId": "pi_3NnagQCnl3eIvjsb1qdtk1xz",
    "transactions": []
  },
  {
    "id": "71960",
    "type": "CustomerPaymentSucceeded",
    "payload": {
      "amount": 200,
      "trigger": "scheduler",
      "paymentType": "DUETIME",
      "instalmentNo": 2,
      "paymentIntentId": "pi_3NnagQCnl3eIvjsb1qdtk1xz",
      "paymentMetaData": {
        "paymentId": "pi_3NnagQCnl3eIvjsb1qdtk1xz",
        "paymentMethodId": "m35j0c3bf393",
        "paymentPlatformVendor": "Stripe",
        "userPaymentIdentityId": "cmw460746e7z"
      },
      "paymentGatewayFee": 6.11,
      "userPaymentMethodId": "m35j0c3bf393",
      "paymentPlatformVendor": "Stripe"
    },
    "planId": "34i6jlc7kuei",
    "createdAt": "2023-09-30T10:01:01.000Z",
    "uniqueKey": "pi_3NnagQCnl3eIvjsb1qdtk1xz",
    "vendorPaymentId": "pi_3NnagQCnl3eIvjsb1qdtk1xz",
    "transactions": [
      {
        "id": "124232",
        "label": "Payment",
        "eventId": "71960",
        "debitAmount": "200",
        "creditAmount": "0",
        "accountCode": "Cash Clearing - Customer Deposits (Managed)",
        "accountId": "",
        "currencyCode": "AUD",
        "amountInUsd": "0",
        "planId": "34i6jlc7kuei",
        "creditCardTransactionId": null,
        "createdAt": "2023-09-30T10:01:01.000Z",
        "updatedAt": "2023-09-30T10:01:01.000Z",
        "taxRate": "BAS Excluded",
        "userPaymentMethodId": "cmw460746e7z"
      },
      {
        "id": "124233",
        "label": "Payment",
        "eventId": "71960",
        "debitAmount": "0",
        "creditAmount": "200",
        "accountCode": "PlanPay Customer Receivable (Managed)",
        "accountId": "",
        "currencyCode": "AUD",
        "amountInUsd": "0",
        "planId": "34i6jlc7kuei",
        "creditCardTransactionId": null,
        "createdAt": "2023-09-30T10:01:01.000Z",
        "updatedAt": "2023-09-30T10:01:01.000Z",
        "taxRate": "BAS Excluded",
        "userPaymentMethodId": "cmw460746e7z"
      },
      {
        "id": "124234",
        "label": "Transaction Fee Actual",
        "eventId": "71960",
        "debitAmount": "5.55",
        "creditAmount": "0",
        "accountCode": "PlanPay Cost of Sales - Merchant Fees (Managed)",
        "accountId": "",
        "currencyCode": "AUD",
        "amountInUsd": "0",
        "planId": "34i6jlc7kuei",
        "creditCardTransactionId": null,
        "createdAt": "2023-09-30T10:01:01.000Z",
        "updatedAt": "2023-09-30T10:01:01.000Z",
        "taxRate": "BAS Excluded",
        "userPaymentMethodId": "cmw460746e7z"
      },
      {
        "id": "124235",
        "label": "Transaction Fee Actual",
        "eventId": "71960",
        "debitAmount": "0",
        "creditAmount": "5.55",
        "accountCode": "Cash Clearing - Transaction Fees - Stripe",
        "accountId": "",
        "currencyCode": "AUD",
        "amountInUsd": "0",
        "planId": "34i6jlc7kuei",
        "creditCardTransactionId": null,
        "createdAt": "2023-09-30T10:01:01.000Z",
        "updatedAt": "2023-09-30T10:01:01.000Z",
        "taxRate": "BAS Excluded",
        "userPaymentMethodId": "cmw460746e7z"
      },
      {
        "id": "124236",
        "label": "Transaction Fee Merchant",
        "eventId": "71960",
        "debitAmount": "6.39",
        "creditAmount": "0",
        "accountCode": "PlanPay Merchant Liability (Managed)",
        "accountId": "",
        "currencyCode": "AUD",
        "amountInUsd": "0",
        "planId": "34i6jlc7kuei",
        "creditCardTransactionId": null,
        "createdAt": "2023-09-30T10:01:01.000Z",
        "updatedAt": "2023-09-30T10:01:01.000Z",
        "taxRate": "BAS Excluded",
        "userPaymentMethodId": "cmw460746e7z"
      },
      {
        "id": "124237",
        "label": "Transaction Fee Merchant",
        "eventId": "71960",
        "debitAmount": "0",
        "creditAmount": "6.39",
        "accountCode": "PlanPay Sales - Transaction Fees (Managed)",
        "accountId": "",
        "currencyCode": "AUD",
        "amountInUsd": "0",
        "planId": "34i6jlc7kuei",
        "creditCardTransactionId": null,
        "createdAt": "2023-09-30T10:01:01.000Z",
        "updatedAt": "2023-09-30T10:01:01.000Z",
        "taxRate": "BAS Excluded",
        "userPaymentMethodId": "cmw460746e7z"
      }
    ]
  },
  {
    "id": "71961",
    "type": "CustomerPaymentDue",
    "payload": {
      "date": "2023-10-30T05:00:00.000Z",
      "amount": 200,
      "trigger": "scheduler",
      "paymentRef": "34i6jlc7kuei#3",
      "paymentType": "DUETIME",
      "instalmentNo": 3,
      "paymentMetaData": {
        "paymentMethodId": "m35j0c3bf393",
        "paymentPlatformVendor": "Stripe",
        "userPaymentIdentityId": "cmw460746e7z"
      }
    },
    "planId": "34i6jlc7kuei",
    "createdAt": "2023-10-30T10:01:01.000Z",
    "uniqueKey": "364ef1d5-4b6a-4b1c-8302-c8dacfa717cc",
    "vendorPaymentId": null,
    "transactions": []
  },
  {
    "id": "71962",
    "type": "CustomerPaymentRequested",
    "payload": {
      "amount": 200,
      "trigger": "scheduler",
      "paymentType": "DUETIME",
      "instalmentNo": 3,
      "paymentMetaData": {
        "paymentId": "pi_3NnahhCnl3eIvjsb1nh24OwM",
        "paymentMethodId": "m35j0c3bf393",
        "paymentPlatformVendor": "Stripe",
        "userPaymentIdentityId": "cmw460746e7z"
      }
    },
    "planId": "34i6jlc7kuei",
    "createdAt": "2023-10-30T10:01:01.000Z",
    "uniqueKey": "8407cb4a-480b-4276-a83e-c2fcdd05f83d",
    "vendorPaymentId": "pi_3NnahhCnl3eIvjsb1nh24OwM",
    "transactions": []
  },
  {
    "id": "71963",
    "type": "CustomerPaymentSucceeded",
    "payload": {
      "amount": 200,
      "trigger": "scheduler",
      "paymentType": "DUETIME",
      "instalmentNo": 3,
      "paymentIntentId": "pi_3NnahhCnl3eIvjsb1nh24OwM",
      "paymentMetaData": {
        "paymentId": "pi_3NnahhCnl3eIvjsb1nh24OwM",
        "paymentMethodId": "m35j0c3bf393",
        "paymentPlatformVendor": "Stripe",
        "userPaymentIdentityId": "cmw460746e7z"
      },
      "paymentGatewayFee": 6.11,
      "userPaymentMethodId": "m35j0c3bf393",
      "paymentPlatformVendor": "Stripe"
    },
    "planId": "34i6jlc7kuei",
    "createdAt": "2023-10-30T10:01:01.000Z",
    "uniqueKey": "pi_3NnahhCnl3eIvjsb1nh24OwM",
    "vendorPaymentId": "pi_3NnahhCnl3eIvjsb1nh24OwM",
    "transactions": [
      {
        "id": "124238",
        "label": "Payment",
        "eventId": "71963",
        "debitAmount": "200",
        "creditAmount": "0",
        "accountCode": "Cash Clearing - Customer Deposits (Managed)",
        "accountId": "",
        "currencyCode": "AUD",
        "amountInUsd": "0",
        "planId": "34i6jlc7kuei",
        "creditCardTransactionId": null,
        "createdAt": "2023-10-30T10:01:01.000Z",
        "updatedAt": "2023-10-30T10:01:01.000Z",
        "taxRate": "BAS Excluded",
        "userPaymentMethodId": "cmw460746e7z"
      },
      {
        "id": "124239",
        "label": "Payment",
        "eventId": "71963",
        "debitAmount": "0",
        "creditAmount": "200",
        "accountCode": "PlanPay Customer Receivable (Managed)",
        "accountId": "",
        "currencyCode": "AUD",
        "amountInUsd": "0",
        "planId": "34i6jlc7kuei",
        "creditCardTransactionId": null,
        "createdAt": "2023-10-30T10:01:01.000Z",
        "updatedAt": "2023-10-30T10:01:01.000Z",
        "taxRate": "BAS Excluded",
        "userPaymentMethodId": "cmw460746e7z"
      },
      {
        "id": "124240",
        "label": "Transaction Fee Actual",
        "eventId": "71963",
        "debitAmount": "5.55",
        "creditAmount": "0",
        "accountCode": "PlanPay Cost of Sales - Merchant Fees (Managed)",
        "accountId": "",
        "currencyCode": "AUD",
        "amountInUsd": "0",
        "planId": "34i6jlc7kuei",
        "creditCardTransactionId": null,
        "createdAt": "2023-10-30T10:01:01.000Z",
        "updatedAt": "2023-10-30T10:01:01.000Z",
        "taxRate": "BAS Excluded",
        "userPaymentMethodId": "cmw460746e7z"
      },
      {
        "id": "124241",
        "label": "Transaction Fee Actual",
        "eventId": "71963",
        "debitAmount": "0",
        "creditAmount": "5.55",
        "accountCode": "Cash Clearing - Transaction Fees - Stripe",
        "accountId": "",
        "currencyCode": "AUD",
        "amountInUsd": "0",
        "planId": "34i6jlc7kuei",
        "creditCardTransactionId": null,
        "createdAt": "2023-10-30T10:01:01.000Z",
        "updatedAt": "2023-10-30T10:01:01.000Z",
        "taxRate": "BAS Excluded",
        "userPaymentMethodId": "cmw460746e7z"
      },
      {
        "id": "124242",
        "label": "Transaction Fee Merchant",
        "eventId": "71963",
        "debitAmount": "6.39",
        "creditAmount": "0",
        "accountCode": "PlanPay Merchant Liability (Managed)",
        "accountId": "",
        "currencyCode": "AUD",
        "amountInUsd": "0",
        "planId": "34i6jlc7kuei",
        "creditCardTransactionId": null,
        "createdAt": "2023-10-30T10:01:01.000Z",
        "updatedAt": "2023-10-30T10:01:01.000Z",
        "taxRate": "BAS Excluded",
        "userPaymentMethodId": "cmw460746e7z"
      },
      {
        "id": "124243",
        "label": "Transaction Fee Merchant",
        "eventId": "71963",
        "debitAmount": "0",
        "creditAmount": "6.39",
        "accountCode": "PlanPay Sales - Transaction Fees (Managed)",
        "accountId": "",
        "currencyCode": "AUD",
        "amountInUsd": "0",
        "planId": "34i6jlc7kuei",
        "creditCardTransactionId": null,
        "createdAt": "2023-10-30T10:01:01.000Z",
        "updatedAt": "2023-10-30T10:01:01.000Z",
        "taxRate": "BAS Excluded",
        "userPaymentMethodId": "cmw460746e7z"
      }
    ]
  },
  {
    "id": "71964",
    "type": "PlanCompleted",
    "payload": null,
    "planId": "34i6jlc7kuei",
    "createdAt": "2023-09-07T05:25:02.000Z",
    "uniqueKey": "9e466378-6624-459c-a9ec-a11d81b0d9b6",
    "vendorPaymentId": null,
    "transactions": []
  },
  {
    "id": "71992",
    "type": "PaymentEligible",
    "payload": null,
    "planId": "34i6jlc7kuei",
    "createdAt": "2023-12-21T00:00:00.000Z",
    "uniqueKey": "16d6aaf9-eb51-4534-be8d-6f291ded1eb0",
    "vendorPaymentId": null,
    "transactions": [
      {
        "id": "124288",
        "label": "Service Fee",
        "eventId": "71992",
        "debitAmount": "52.5",
        "creditAmount": "0",
        "accountCode": "PlanPay Deferred Revenue - Service Fees (Managed)",
        "accountId": "",
        "currencyCode": "AUD",
        "amountInUsd": "0",
        "planId": "34i6jlc7kuei",
        "creditCardTransactionId": null,
        "createdAt": "2023-10-30T10:01:01.000Z",
        "updatedAt": "2023-10-30T10:01:01.000Z",
        "taxRate": "BAS Excluded",
        "userPaymentMethodId": "m35j0c3bf393"
      },
      {
        "id": "124289",
        "label": "Service Fee",
        "eventId": "71992",
        "debitAmount": "0",
        "creditAmount": "52.5",
        "accountCode": "PlanPay Deferred Billing - Service Fees (Managed)",
        "accountId": "",
        "currencyCode": "AUD",
        "amountInUsd": "0",
        "planId": "34i6jlc7kuei",
        "creditCardTransactionId": null,
        "createdAt": "2023-10-30T10:01:01.000Z",
        "updatedAt": "2023-10-30T10:01:01.000Z",
        "taxRate": "BAS Excluded",
        "userPaymentMethodId": "m35j0c3bf393"
      },
      {
        "id": "124290",
        "label": "Service Fee",
        "eventId": "71992",
        "debitAmount": "52.5",
        "creditAmount": "0",
        "accountCode": "PlanPay Merchant Liability (Managed)",
        "accountId": "",
        "currencyCode": "AUD",
        "amountInUsd": "0",
        "planId": "34i6jlc7kuei",
        "creditCardTransactionId": null,
        "createdAt": "2023-10-30T10:01:01.000Z",
        "updatedAt": "2023-10-30T10:01:01.000Z",
        "taxRate": "BAS Excluded",
        "userPaymentMethodId": "m35j0c3bf393"
      },
      {
        "id": "124291",
        "label": "Service Fee",
        "eventId": "71992",
        "debitAmount": "0",
        "creditAmount": "52.5",
        "accountCode": "PlanPay Sales - Service Fees (Managed)",
        "accountId": "",
        "currencyCode": "AUD",
        "amountInUsd": "0",
        "planId": "34i6jlc7kuei",
        "creditCardTransactionId": null,
        "createdAt": "2023-10-30T10:01:01.000Z",
        "updatedAt": "2023-10-30T10:01:01.000Z",
        "taxRate": "BAS Excluded",
        "userPaymentMethodId": "m35j0c3bf393"
      }
    ]
  },
  {
    "id": "71996",
    "type": "MerchantPaymentPayable",
    "payload": null,
    "planId": "34i6jlc7kuei",
    "createdAt": "2023-09-07T05:47:53.000Z",
    "uniqueKey": "5588ea4f-cbf9-4022-9dcc-f74a9b18567f",
    "vendorPaymentId": null,
    "transactions": [
      {
        "id": "124302",
        "label": "Payment",
        "eventId": "71996",
        "debitAmount": "964.7",
        "creditAmount": "0",
        "accountCode": "PlanPay Merchant Liability (Managed)",
        "accountId": "",
        "currencyCode": "AUD",
        "amountInUsd": "0",
        "planId": "34i6jlc7kuei",
        "creditCardTransactionId": null,
        "createdAt": "2023-10-30T10:01:01.000Z",
        "updatedAt": "2023-10-30T10:01:01.000Z",
        "taxRate": "BAS Excluded",
        "userPaymentMethodId": "m35j0c3bf393"
      },
      {
        "id": "124303",
        "label": "Payment",
        "eventId": "71996",
        "debitAmount": "85.3",
        "creditAmount": "0",
        "accountCode": "PlanPay Merchant Payable (Managed)",
        "accountId": "",
        "currencyCode": "AUD",
        "amountInUsd": "0",
        "planId": "34i6jlc7kuei",
        "creditCardTransactionId": null,
        "createdAt": "2023-10-30T10:01:01.000Z",
        "updatedAt": "2023-10-30T10:01:01.000Z",
        "taxRate": "BAS Excluded",
        "userPaymentMethodId": "m35j0c3bf393"
      },
      {
        "id": "124304",
        "label": "Payment",
        "eventId": "71996",
        "debitAmount": "0",
        "creditAmount": "1050",
        "accountCode": "PlanPay Merchant Payable (Managed)",
        "accountId": "",
        "currencyCode": "AUD",
        "amountInUsd": "0",
        "planId": "34i6jlc7kuei",
        "creditCardTransactionId": null,
        "createdAt": "2023-10-30T10:01:01.000Z",
        "updatedAt": "2023-10-30T10:01:01.000Z",
        "taxRate": "BAS Excluded",
        "userPaymentMethodId": "m35j0c3bf393"
      }
    ]
  },
  {
    "id": "72002",
    "type": "PlanCancelled",
    "payload": {
      "amount": 742,
      "refundType": "Partial",
      "cancellationReason": "MerchantRequest"
    },
    "planId": "34i6jlc7kuei",
    "createdAt": "2023-09-07T05:55:19.000Z",
    "uniqueKey": "00923153-06d4-45c9-aa03-9afb4cd541eb",
    "vendorPaymentId": null,
    "transactions": [
      {
        "id": "124318",
        "label": "Payment Refund",
        "eventId": "72002",
        "debitAmount": "742",
        "creditAmount": "0",
        "accountCode": "PlanPay Merchant Payable (Managed)",
        "accountId": "",
        "currencyCode": "AUD",
        "amountInUsd": "0",
        "planId": "34i6jlc7kuei",
        "creditCardTransactionId": null,
        "createdAt": "2023-10-30T10:01:01.000Z",
        "updatedAt": "2023-10-30T10:01:01.000Z",
        "taxRate": "BAS Excluded",
        "userPaymentMethodId": "m35j0c3bf393"
      },
      {
        "id": "124319",
        "label": "Payment Refund",
        "eventId": "72002",
        "debitAmount": "0",
        "creditAmount": "742",
        "accountCode": "Cash Clearing - Customer Refunds (Managed)",
        "accountId": "",
        "currencyCode": "AUD",
        "amountInUsd": "0",
        "planId": "34i6jlc7kuei",
        "creditCardTransactionId": null,
        "createdAt": "2023-10-30T10:01:01.000Z",
        "updatedAt": "2023-10-30T10:01:01.000Z",
        "taxRate": "BAS Excluded",
        "userPaymentMethodId": "m35j0c3bf393"
      }
    ]
  }
]
