{"customer":{"Email":"planpaytestingautomation8933@mailinator.com","firstName":"planpaytesting_firstNameRWCh","lastName":"planpaytesting_lastNameNhqV","phoneNumber":"+61345678999","userVerified":"false","userStatus":"Active","accountCreated":"11/09/2023","userId":""},"customerLog":{"Email":"","firstName":"","lastName":"","phoneNumber":""},"merchant":{"id":"064ml3tx5mme","name":"merchant_Hotel8027"},"eventProcessorError":"false","isResetFlag":"false","planCreated":"false"}